// Jest Snapshot v1, https://goo.gl/fbAQLP

exports[`<FutureResults /> renders correctly with a single year for result 1`] = `
<div
  className="futureResults"
>
  <p
    className="enterAmortization"
  >
    Enter an amortization period to see your results.
  </p>
</div>
`;

exports[`<FutureResults /> renders correctly with more than 1 year for result 1`] = `
<div
  className="futureResults"
>
  <Connect(YearResult)
    year={1}
  />
  <Connect(YearResult)
    year={5}
  />
  <Connect(YearResult)
    year={10}
  />
  <Connect(YearResult)
    year={15}
  />
  <Connect(YearResult)
    year={20}
  />
  <Connect(YearResult)
    year={25}
  />
  <Connect(YearResult)
    year={26}
  />
</div>
`;
